
SCREEN 18
'
OPEN "o",#1,"c:\masm\data\logo.xy"
'
n%=0
'
p1=1
p2=0

FOR i=0 TO  127
  '

  a=i/512*360
  x%=(TRUNC(COSQ(4*a)*328*2*p1)+TRUNC(COSQ(4*a)*328*p2))   /* 41 */
  y%=176+16+16*3+TRUNC(SINQ(5*a)*72)   /* 4 */
  p1=p1-1/128
  p2=p2+1/128
  '

  p%=DIV(y%,16)*164+DIV(x%,8)
  b1%=SHR(p%,8) AND &hff
  b2%=p% AND &hff
  b3%=y% AND 15
  IF x%>=0
    b4%=x% AND 7
  ELSE
    b4%=(ABS(x%) XOR 7)  AND 7
  ENDIF
  '
  IF (n% MOD 7)=0
    IF n%<>0
      PRINT #1;b1%;",";b2%;",";b3%;",";b4%
    ENDIF
    PRINT #1;" db ";
  ELSE
    PRINT #1;b1%;",";b2%;",";b3%;",";b4%;",";
  ENDIF
  INC n%
  '
  PLOT x%,y%
  '
NEXT i
'

'
FOR i=128 TO  511+128
  '

  a=i/512*360
  x%=TRUNC(COSQ(4*a)*328)  /* 41 */
  y%=176+16+16*3+TRUNC(SINQ(5*a)*72)   /* 4 */
  '

  p%=DIV(y%,16)*164+DIV(x%,8)
  b1%=SHR(p%,8) AND &hff
  b2%=p% AND &hff
  b3%=y% AND 15
  IF x%>=0
    b4%=x% AND 7
  ELSE
    b4%=(ABS(x%) XOR 7)  AND 7
  ENDIF
  '
  IF (n% MOD 7)=0
    IF n%<>0
      PRINT #1;b1%;",";b2%;",";b3%;",";b4%
    ENDIF
    PRINT #1;" db ";
  ELSE
    PRINT #1;b1%;",";b2%;",";b3%;",";b4%;",";
  ENDIF
  INC n%
  '
  PLOT x%,y%
  '
NEXT i
'
PRINT #1;"0";
CLOSE #1
